PS C:\Users\sambi\Downloads\getting-started-master> cd getting-started-master
PS C:\Users\sambi\Downloads\getting-started-master\getting-started-master> cd app
PS C:\Users\sambi\Downloads\getting-started-master\getting-started-master\ap> docker -v
Docker version 20.10.11, build dea9396
PS C:\Users\sambi\Downloads\getting-started-master\getting-started-master\ap> docker build -t sambi333/getting-started .
[+] Building 15.0s (15/15) FINISHED
 => [internal] load build definition from Dockerfile                      0.1s
 => => transferring dockerfile: 32B                                       0.0s
 => [internal] load .dockerignore                                         0.0s
 => => transferring context: 2B                                           0.0s 
 => resolve image config for docker.io/docker/dockerfile:1               11.1s
 => [auth] docker/dockerfile:pull token for registry-1.docker.io          0.0s
 => CACHED docker-image://docker.io/docker/dockerfile:1@sha256:42399d463  0.0s
 => [internal] load .dockerignore                                         0.0s
 => [internal] load build definition from Dockerfile                      0.0s 
 => [internal] load metadata for docker.io/library/node:12-alpine         0.0s 
 => [internal] load build context                                         3.2s 
 => => transferring context: 597.07kB                                     3.0s 
 => [1/5] FROM docker.io/library/node:12-alpine                           0.0s
 => CACHED [2/5] RUN apk add --no-cache python2 g++ make                  0.0s
 => CACHED [3/5] WORKDIR /app                                             0.0s 
 => CACHED [4/5] COPY . .                                                 0.0s 
 => CACHED [5/5] RUN yarn install --production                            0.0s 
 => exporting to image                                                    0.0s 
 => => exporting layers                                                   0.0s 
 => => writing image sha256:1180850b8c290dda1a5159ac9a082915a8ee763bc942  0.0s 
 => => naming to docker.io/sambi333/getting-started                       0.0s 

Use 'docker scan' to run Snyk tests against images to find vulnerabilities and learn how to fix them
PS C:\Users\sambi\Downloads\getting-started-master\getting-started-master\ap> docker run -dp 3000:3000 sambi333/getting-started
19869a9eff1227209cf0045d10a00f0d74ca2e3e31117c15f5fe50b50ceebd15
PS C:\Users\sambi\Downloads\getting-started-master\getting-started-master\ap> docker ps
CONTAINER ID   IMAGE                             COMMAND                  CREATED         STATUS         PORTS                    NAMES
19869a9eff12   sambi333/getting-started          "docker-entrypoint.s…"   2 minutes ago   Up 2 minutes   0.0.0.0:3000->3000/tcp   competent_maxwell
3c16a01b0dc1   alpine:latest                     "ping docker.com"        6 hours ago     Up 6 hours                              ping_service.2.55kcpr40jiati4q8mm6fb75iz
eee091205958   alpine:latest                     "ping docker.com"        6 hours ago     Up 6 hours                              ping_service.3.yud82662mzku3besavv2sanv7
5b5ea39c909b   sambi333/getting-started:latest   "docker-entrypoint.s…"   6 hours ago     Up 6 hours                              demo_bb-app.1.v7ejnqyclfepopdz32564xd7b        
6342e4785e7e   prom/prometheus:latest            "/bin/prometheus --c…"   6 hours ago     Up 6 hours     9090/tcp                 my-prometheus.1.xn4c5gbsi5pxf3o4pvvu231p8      
PS C:\Users\sambi\Downloads\getting-started-master\getting-started-master\ap> docker stop f3o4pvvu231p8
Error response from daemon: No such container: f3o4pvvu231p8
PS C:\Users\sambi\Downloads\getting-started-master\getting-started-master\app>docker stop 6342e4785e7e
6342e4785e7e
ours ago     Up 6 hours     9090/tcp                 my-prometheus.1.xn4c5gbsi5pxf3o4pvvu231p8
PS C:\Users\sambi\Downloads\getting-started-master\getting-started-master\ap> docker stop f3o4pvvu231p8
Error response from daemon: No such container: f3o4pvvu231p8
PS C:\Users\sambi\Downloads\getting-started-master\getting-started-master\app>docker stop 6342e4785e7e
6342e4785e7e
PS C:\Users\sambi\Downloads\getting-started-master\getting-started-master\ap> docker push sambi333/getting-started
Using default tag: latest
The push refers to repository [docker.io/sambi333/getting-started]
d4db012add77: Layer already exists                                           20966ed3b44e: Layer already exists
80ca5d3eed00: Layer already exists                                           7af6e0025383: Layer already exists
3aae43c91cd0: Layer already exists                                           b9348924da90: Layer already exists
ec6f7198686b: Layer already exists                                           8d3ac3489996: Layer already exists
latest: digest: sha256:5dcb12316b81a240908abc7484e53979de93c1a81410fbb302fcfdf45b03d034 size: 2001
PS C:\Users\sambi\Downloads\getting-started-master\getting-started-master\ap> cd ..
PS C:\Users\sambi\Downloads\getting-started-master\getting-started-master> cd app                                                                         PS C:\Users\sambi\Downloads\getting-started-master\getting-started-master\app> docker run -d `
>> --network todo-app --network-alias mysql `
>> -v todo-mysql-data:/var/lib/mysql `
>> -e MYSQL ROOT PASSWORD=secret `
>> -e MYSQL DATABASE=todos `
>> mysql:5.7
docker: invalid reference format: repository name must be lowercase.
See 'docker run --help'.
PS C:\Users\sambi\Downloads\getting-started-master\getting-started-master\app> docker run -d `
>> --network todo-app --network-alias mysql `
>> -v todo-mysql-data:/var/lib/mysql `
>> -e MYSQL_ROOT_PASSWORD=secret ` 
>> -e MYSQL_DATABASE=todos ` 
>> mysql:5.7
de7c800e4f6652cbf791b9bb5cb692abc0ad3428840c02faf7e810d68e72cd8e
PS C:\Users\sambi\Downloads\getting-started-master\getting-started-master\app> docker ps       
CONTAINER ID   IMAGE                             COMMAND                  CREATED              STATUS              PORTS                    NAMES
ours ago          Up 6 hours                                   ping_service.5.6h0fxvmqobxiv0ilcsleneif9
681f0ad595c1   alpine:latest                     "ping docker.com"        6 hours ago          Up 6 hours                                   ping_service.6.tww1acnrqzdvbrscehszg9tfi
ours ago          Up 6 hours                                   ping_service.5.6h0fxvmqobxiv0ilcsleneif9681f0ad595c1   alpine:latest                     "ping docker.com"        6 hours ago          Up 6 hours                                   ping_service.6.tww1acnrqzdvbrscehszg9tfi9fb61be07562   alpine:latest                     "ping docker.com"        6 hours ago          Up 6 hours                                   ping_service.1.suzdkrjfksexdtkywtt4jth0sb348b0200a13   alpine:latest                     "ping docker.com"        6 hours ago          Up 6 hours                                   ping_service.9.tgqpx11z5tunkrb42w5lqpnct49fc4f46dd93   alpine:latest                     "ping docker.com"        6 hours ago          Up 6 hours                                   ping_service.4.vz45f86l5pgwcijs1vlj6dxly666ebfeeaad5   alpine:latest                     "ping docker.com"        6 hours ago          Up 6 hours                                   ping_service.7.kunsq16piyqlwxd11itri0ldc3f924bba3bc2   alpine:latest                     "ping docker.com"        6 hours ago          Up 6 hours                                   ping_service.10.1ba1j2ad6uvarucyq21c8sz8if60957a5ae6c   alpine:latest                     "ping docker.com"        6 hours ago          Up 6 hours                                   ping_service.8.wnad4x4umbm3wxeeglblrbtqy
5b5ea39c909b   sambi333/getting-started:latest   "docker-entrypoint.s…"   6 hours ago          Up 6 hours                                   demo_bb-app.1.v7ejnqyclfepopdz32564xd7b
PSdocker ps\sambi\Downloads\getting-started-master\getting-started-master\app>CONTAINER ID   IMAGE                             COMMAND                  CREATED          STATUS          PORTS                    NAMESde7c800e4f66   mysql:5.7                         "docker-entrypoint.s…"   2 minutes ago    Up 2 minutes    3306/tcp, 33060/tcp      funny_cannonf1146bc7bfa6   prom/prometheus:latest            "/bin/prometheus --c…"   27 minutes ago   Up 27 minutes   9090/tcp                 my-prometheus.1.zy1hloxa486dj2vhnruoj27gn19869a9eff12   sambi333/getting-started          "docker-entrypoint.s…"   32 minutes ago   Up 32 minutes   0.0.0.0:3000->3000/tcp   competent_maxwell3c16a01b0dc1   alpine:latest                     "ping docker.com"        6 hours ago      Up 6 hours                               ping_service.2.55kcpr40jiati4q8mm6fb75izeee091205958   alpine:latest                     "ping docker.com"        6 hours ago      Up 6 hours                               ping_service.3.yud82662mzku3besavv2sanv7d41aa550dffe   alpine:latest                     "ping docker.com"        6 hours ago      Up 6 hours                               ping_service.5.6h0fxvmqobxiv0ilcsleneif9681f0ad595c1   alpine:latest                     "ping docker.com"        6 hours ago      Up 6 hours                               ping_service.6.tww1acnrqzdvbrscehszg9tfi9fb61be07562   alpine:latest                     "ping docker.com"        6 hours ago      Up 6 hours                               ping_service.1.suzdkrjfksexdtkywtt4jth0sb348b0200a13   alpine:latest                     "ping docker.com"        6 hours ago      Up 6 hours                               ping_service.9.tgqpx11z5tunkrb42w5lqpnct
49fc4f46dd93   alpine:latest                     "ping docker.com"        6 hours ago      Up 6 hours                               ping_service.4.vz45f86l5pgwcijs1vlj6dxly     
666ebfeeaad5   alpine:latest                     "ping docker.com"        6 hours ago      Up 6 hours                               ping_service.7.kunsq16piyqlwxd11itri0ldc     
3f924bba3bc2   alpine:latest                     "ping docker.com"        6 hours ago      Up 6 hours                               ping_service.10.1ba1j2ad6uvarucyq21c8sz8i    
f60957a5ae6c   alpine:latest                     "ping docker.com"        6 hours ago      Up 6 hours                               ping_service.8.wnad4x4umbm3wxeeglblrbtqy     
5b5ea39c909b   sambi333/getting-started:latest   "docker-entrypoint.s…"   6 hours ago      Up 6 hours                               demo_bb-app.1.v7ejnqyclfepopdz32564xd7b      
PS C:\Users\sambi\Downloads\getting-started-master\getting-started-master\app> docker ps
CONTAINER ID   IMAGE                             COMMAND                  CREATED          STATUS          PORTS                    NAMES
de7c800e4f66   mysql:5.7                         "docker-entrypoint.s…"   2 minutes ago    Up 2 minutes    3306/tcp, 33060/tcp      funny_cannon
f1146bc7bfa6   prom/prometheus:latest            "/bin/prometheus --c…"   27 minutes ago   Up 27 minutes   9090/tcp                 my-prometheus.1.zy1hloxa486dj2vhnruoj27gn    
19869a9eff12   sambi333/getting-started          "docker-entrypoint.s…"   32 minutes ago   Up 32 minutes   0.0.0.0:3000->3000/tcp   competent_maxwell
3c16a01b0dc1   alpine:latest                     "ping docker.com"        6 hours ago      Up 6 hours                               ping_service.2.55kcpr40jiati4q8mm6fb75iz     
eee091205958   alpine:latest                     "ping docker.com"        6 hours ago      Up 6 hours                               ping_service.3.yud82662mzku3besavv2sanv7     
ours ago      Up 6 hours                               ping_service.5.6h0fxvmqobxiv0ilcsleneif9                                                           681f0ad595c1   alpine:latest                     "ping docker.com"        6 hours ago      Up 6 hours                               ping_service.6.tww1acnrqzdvbrscehszg9tfi                               9fb61be07562   alpine:latest                     "ping docker.com"        6 hours ago      Up 6 hours                               ping_service.1.suzdkrjfksexdtkywtt4jth0s                                                           b348b0200a13   alpine:latest                     "ping docker.com"        6 hours ago      Up 6 hours                               ping_service.9.tgqpx11z5tunkrb42w5lqpnct                                                           49fc4f46dd93   alpine:latest                     "ping docker.com"        6 hours ago      Up 6 hours                               ping_service.4.vz45f86l5pgwcijs1vlj6dxly                666ebfeeaad5   alpine:latest                     "ping docker.com"        6 hours ago      Up 6 hours                               ping_service.7.kunsq16piyqlwxd11itri0ldc                                                           3f924bba3bc2   alpine:latest                     "ping docker.com"        6 hours ago      Up 6 hours                               ping_service.10.1ba1j2ad6uvarucyq21c8sz8i                                                          f60957a5ae6c   alpine:latest                     "ping docker.com"        6 hours ago      Up 6 hours                               ping_service.8.wnad4x4umbm3wxeeglblrbtqy 5b5ea39c909b   sambi333/getting-started:latest   "docker-entrypoint.s…"   6 hours ago      Up 6 hours                               demo_bb-app.1.v7ejnqyclfepopdz32564xd7b                                                       PS C:\Users\sambi\Downloads\getting-started-master\getting-started-master\app> docker exec -it de7c800e4f66 mysql -u root -p
Enter password: 
Welcome to the MySQL monitor.  Commands end with ; or \g.
Your MySQL connection id is 2
Server version: 5.7.36 MySQL Community Server (GPL)

Copyright (c) 2000, 2021, Oracle and/or its affiliates.

Oracle is a registered trademark of Oracle Corporation and/or its
affiliates. Other names may be trademarks of their respective
owners.

Type 'help;' or '\h' for help. Type '\c' to clear the current input statement.

mysql> SHOW DATABASES;
+--------------------+
| Database           |
+--------------------+
| information_schema |
| mysql              |
| performance_schema |
| sys                |
| todos              |
+--------------------+
5 rows in set (0.01 sec)

mysql> select * from todo-items;
ERROR 1064 (42000): You have an error in your SQL syntax; check the manual that corresponds to your MySQL server version for the right syntax to use near '-items' at line 1
mysql> select * from todo_items;
ERROR 1046 (3D000): No database selected
mysql> exit
Bye
PS C:\Users\sambi\Downloads\getting-started-master\getting-started-master\app> docker run -it --network todo-app nicolaka/netshoot
                    dP            dP                           dP   
                    88            88                           88
88d888b. .d8888b. d8888P .d8888b. 88d888b. .d8888b. .d8888b. d8888P
88'  `88 88ooood8   88   Y8ooooo. 88'  `88 88'  `88 88'  `88   88
88    88 88.  ...   88         88 88    88 88.  .88 88.  .88   88
dP    dP `88888P'   dP   `88888P' dP    dP `88888P' `88888P'   dP

Welcome to Netshoot! (github.com/nicolaka/netshoot)



 2f114c71bf3a  ~  dig mysql

; <<>> DiG 9.16.22 <<>> mysql
;; global options: +cmd
;; Got answer:
;; ->>HEADER<<- opcode: QUERY, status: NOERROR, id: 64766
;; flags: qr rd ra; QUERY: 1, ANSWER: 1, AUTHORITY: 0, ADDITIONAL: 0

;; QUESTION SECTION:
;mysql.                         IN      A

;; ANSWER SECTION:
mysql.                  600     IN      A       172.18.0.2

;; Query time: 0 msec
;; SERVER: 127.0.0.11#53(127.0.0.11)
;; WHEN: Thu Jan 20 10:20:14 UTC 2022
;; MSG SIZE  rcvd: 44


 2f114c71bf3a  ~  exit
PS C:\Users\sambi\Downloads\getting-started-master\getting-started-master\app> docker run -dp 3004:3000 `
>> >> -w /app -v "$(pwd):/app" `
>> >> --network todo-app `
>> >> -e MYSQL_HOST=mysql `
>> >> -e MYSQL_USER=root `
>> >> -e MYSQL_PASSWORD=secret `
>> >> -e MYSQL_DB=todos `
>> >> node:12-alpine `
>> >> sh -c "yarn install && yarn run dev"
At line:3 char:1
+ >> --network todo-app `
+ ~~~~~~~~~~~~
The output stream for this command is already redirected.
At line:4 char:1
+ >> -e MYSQL_HOST=mysql `
+ ~~~~~
The output stream for this command is already redirected.
At line:5 char:1
+ >> -e MYSQL_USER=root `
+ ~~~~~
The output stream for this command is already redirected.
At line:6 char:1
+ >> -e MYSQL_PASSWORD=secret `
+ ~~~~~
The output stream for this command is already redirected.
At line:7 char:1
+ >> -e MYSQL_DB=todos `
+ ~~~~~
The output stream for this command is already redirected.
At line:8 char:1
+ >> node:12-alpine `
+ ~~~~~~~~~~~~~~~~~
The output stream for this command is already redirected.
At line:9 char:1
+ >> sh -c "yarn install && yarn run dev"
+ ~~~~~
The output stream for this command is already redirected.
    + CategoryInfo          : ParserError: (:) [], ParentContainsErrorRecor  
   dException
    + FullyQualifiedErrorId : StreamAlreadyRedirected

PS C:\Users\sambi\Downloads\getting-started-master\getting-started-master\app> docker run -dp 3000:3000 `
>> -w /app -v "$(pwd):/app" `
>> --network todo-app `
>> -e MYSQL_HOST=mysql `
>> -e MYSQL_USER=root `
>> -e MYSQL_PASSWORD=secret `
>> -e MYSQL_DB=todos `
>> node:12-alpine `
>> sh -c "yarn install && yarn run dev"
84f5f04b6a320ab4a63d048bdf6a8b1281d9d278442141585a1e941f875340c7
docker: Error response from daemon: driver failed programming external connectivity on endpoint kind_pare (a7908c3f94163fdaaac651002b82327a12410ad429cc8ee053dc667ca1652b05): Bind for 0.0.0.0:3000 failed: port is already allocated. 
PS C:\Users\sambi\Downloads\getting-started-master\getting-started-master\app> docker ps
CONTAINER ID   IMAGE                             COMMAND                  CREATED          STATUS          PORTS                    NAMES
de7c800e4f66   mysql:5.7                         "docker-entrypoint.s…"   24 minutes ago   Up 24 minutes   3306/tcp, 33060/tcp      funny_cannon
f1146bc7bfa6   prom/prometheus:latest            "/bin/prometheus --c…"   49 minutes ago   Up 49 minutes   9090/tcp                 my-prometheus.1.zy1hloxa486dj2vhnruoj27gn
19869a9eff12   sambi333/getting-started          "docker-entrypoint.s…"   54 minutes ago   Up 54 minutes   0.0.0.0:3000->3000/tcp   competent_maxwell     
3c16a01b0dc1   alpine:latest                     "ping docker.com"        6 hours ago      Up 6 hours                               ping_service.2.55kcpr40jiati4q8mm6fb75iz
eee091205958   alpine:latest                     "ping docker.com"        6 hours ago      Up 6 hours                               ping_service.3.yud82662mzku3besavv2sanv7
d41aa550dffe   alpine:latest                     "ping docker.com"        6 hours ago      Up 6 hours                               ping_service.5.6h0fxvmqobxiv0ilcsleneif9
681f0ad595c1   alpine:latest                     "ping docker.com"        6 hours ago      Up 6 hours                               ping_service.6.tww1acnrqzdvbrscehszg9tfi
9fb61be07562   alpine:latest                     "ping docker.com"        6 hours ago      Up 6 hours                               ping_service.1.suzdkrjfksexdtkywtt4jth0s
b348b0200a13   alpine:latest                     "ping docker.com"        6 hours ago      Up 6 hours                               ping_service.9.tgqpx11z5tunkrb42w5lqpnct
49fc4f46dd93   alpine:latest                     "ping docker.com"        6 hours ago      Up 6 hours                               ping_service.4.vz45f86l5pgwcijs1vlj6dxly
666ebfeeaad5   alpine:latest                     "ping docker.com"        6 hours ago      Up 6 hours                               ping_service.7.kunsq16piyqlwxd11itri0ldc
3f924bba3bc2   alpine:latest                     "ping docker.com"        6 hours ago      Up 6 hours                               ping_service.10.1ba1j2ad6uvarucyq21c8sz8i
f60957a5ae6c   alpine:latest                     "ping docker.com"        6 hours ago      Up 6 hours                               ping_service.8.wnad4x4umbm3wxeeglblrbtqy
5b5ea39c909b   sambi333/getting-started:latest   "docker-entrypoint.s…"   6 hours ago      Up 6 hours                               demo_bb-app.1.v7ejnqyclfepopdz32564xd7b
PS C:\Users\sambi\Downloads\getting-started-master\getting-started-master\app> docker exec -it de7c800e4f66 mysql -p todos
Enter password: 
Welcome to the MySQL monitor.  Commands end with ; or \g.
Your MySQL connection id is 3
Server version: 5.7.36 MySQL Community Server (GPL)

Copyright (c) 2000, 2021, Oracle and/or its affiliates.

Oracle is a registered trademark of Oracle Corporation and/or its
affiliates. Other names may be trademarks of their respective
owners.

Type 'help;' or '\h' for help. Type '\c' to clear the current input statement.

mysql> select * from todo_items;
ERROR 1146 (42S02): Table 'todos.todo_items' doesn't exist
mysql> exit
Bye
PS C:\Users\sambi\Downloads\getting-started-master\getting-started-master\app> docker run -dp 3008:3000 `
>> -w /app -v "$(pwd):/app" `
>> --network todo-app `
>> -e MYSQL_HOST=mysql `
>> -e MYSQL_USER=root `
>> -e MYSQL_PASSWORD=secret `
>> -e MYSQL_DB=todos `
>> node:12-alpine `
>> sh -c "yarn install && yarn run dev"
fecd80f4bfa503a4a5a924c50604192c3dc451a2a298ba15c650ff9654f765a9
PS C:\Users\sambi\Downloads\getting-started-master\getting-started-master\app> docker exec -it de7c800e4f66 mysql -p todos
Enter password: 
Reading table information for completion of table and column names
You can turn off this feature to get a quicker startup with -A

Welcome to the MySQL monitor.  Commands end with ; or \g.
Your MySQL connection id is 6
Server version: 5.7.36 MySQL Community Server (GPL)

Copyright (c) 2000, 2021, Oracle and/or its affiliates.

Oracle is a registered trademark of Oracle Corporation and/or its
affiliates. Other names may be trademarks of their respective
owners.

Type 'help;' or '\h' for help. Type '\c' to clear the current input statement.

mysql> select * from todo_items;
+--------------------------------------+--------+-----------+
| id                                   | name   | completed |
+--------------------------------------+--------+-----------+
| 554cae2b-40e7-4f79-bfa0-ce99faea7dd0 | RRR    |         0 |
| edb11dcc-9d7b-450f-b068-aec371463773 | SVP    |         0 |
| dd71f526-f702-4a0b-9191-f280817d99bd | PUSHPA |         0 |
+--------------------------------------+--------+-----------+
3 rows in set (0.00 sec)

mysql> select * from todo_items;
+--------------------------------------+--------+-----------+
| id                                   | name   | completed |
+--------------------------------------+--------+-----------+
| 554cae2b-40e7-4f79-bfa0-ce99faea7dd0 | RRR    |         1 |
| edb11dcc-9d7b-450f-b068-aec371463773 | SVP    |         1 |
| dd71f526-f702-4a0b-9191-f280817d99bd | PUSHPA |         0 |
+--------------------------------------+--------+-----------+
3 rows in set (0.00 sec)

mysql> exit
Bye
PS C:\Users\sambi\Downloads\getting-started-master\getting-started-master\app> docker-compose version
Docker Compose version v2.2.1
PS C:\Users\sambi\Downloads\getting-started-master\getting-started-master\app> docker run -dp 3005:3000 `
>> -w /app -v "$(pwd):/app" `
>> --network todo-app `
>> -e MYSQL_HOST=mysql `
>> -e MYSQL_USER=root `
>> -e MYSQL_PASSWORD=secret `
>> -e MYSQL_DB=todos `
>> node:12-alpine `
>> sh -c "yarn install && yarn run dev"
b61b531220f732774ef16b0bec5b9c04e0e7579f414f54f11a47fb3c3abfb79d
PS C:\Users\sambi\Downloads\getting-started-master\getting-started-master\app> docker-compose up -d
[+] Running 3/4
 - Network app_default           Created                                0.8s 
 - Volume "app_todo-mysql-data"  Crea...                                0.0s
 - Container app_mysql_1         Created                                0.2s 
 - Container app_app_1           Creating                               0.2s 
Error response from daemon: invalid volume specification: '/run/desktop/mnt/host/c/Users/sambi/Downloads/getting-started-master/getting-started-master/app:app:rw': invalid mount config for type "bind": invalid mount path: 'app' mount path must be absolute
PS C:\Users\sambi\Downloads\getting-started-master\getting-started-master\app> docker-compose version
Docker Compose version v2.2.1
PS C:\Users\sambi\Downloads\getting-started-master\getting-started-master\app> docker run -dp 3006:3000 `
>> -w /app -v "$(pwd):/app" `
>> --network todo-app `
ac554c641bc34a8983959eb54f3bdd34c99c32e2876c1cbd88435278f62f5f53
PS C:\Users\sambi\Downloads\getting-started-master\getting-started-master\app> docker-compose up -d
[+] Running 0/1
 - Container app_app_1  Creating                                        0.1s
Error response from daemon: invalid volume specification: '/run/desktop/mnt/host/c/Users/sambi/Downloads/getting-started-master/getting-started-master/app:app:rw': invalid mount config for type "bind": invalid mount path: 'app' mount path must be absolute
PS C:\Users\sambi\Downloads\getting-started-master\getting-started-master\app> docker run -d `
>> --network todo-app --network-alias mysql `
>> -v todo-mysql-data:/var/lib/mysql `
>> -e MYSQL_ROOT_PASSWORD=secret `>> -e MYSQL_DATABASE=todos `
>> mysql:5.7
1850694d922df5d9dd10e87ed9deb45eaac848f355a7400a94d002115fc3d01b
PS C:\Users\sambi\Downloads\getting-started-master\getting-started-master\app> docker-compose up -d
[+] Running 0/0
 - Container app_app_1  Creating                                        0.1sError response from daemon: invalid volume specification: '/run/desktop/mnt/host/c/Users/sambi/Downloads/getting-started-master/getting-started-master/app:app:rw': invalid mount config for type "bind": invalid mount path: 'app' mount path must be absolute